// Jest Snapshot v1, https://goo.gl/fbAQLP

exports[`should render NotFound page correctly 1`] = `
<h3>
  404! Page not found!
  <Link
    replace={false}
    to="/"
  >
    Go home page
  </Link>
</h3>
`;
